<html>
<body>
<pre>
<h1>µVision Build Log</h1>
<h2>Tool Versions:</h2>
IDE-Version: ¦ÌVision V5.18.0.0
Copyright (C) 2016 ARM Ltd and ARM Germany GmbH. All rights reserved.
License Information: d fs, dfs, LIC=65ILQ-N7EG5-8SAYU-SX5BA-WUZX0-ZU4N2
 
Tool Versions:
Toolchain:       MDK-ARM Standard  Version: 5.18
Toolchain Path:  D:\Keil\ARM\ARMCC\Bin
C Compiler:      Armcc.exe V5.06 update 1 (build 61)
Assembler:       Armasm.exe V5.06 update 1 (build 61)
Linker/Locator:  ArmLink.exe V5.06 update 1 (build 61)
Library Manager: ArmAr.exe V5.06 update 1 (build 61)
Hex Converter:   FromElf.exe V5.06 update 1 (build 61)
CPU DLL:         SARMCM3.DLL V5.18
Dialog DLL:      DCM.DLL V1.13.6.0
Target DLL:      Segger\JL2CM3.dll V2.99.18.0
Dialog DLL:      TCM.DLL V1.14.8.0
 
<h2>Project:</h2>
E:\Mycode\myospro\Project\myostest.uvprojx
Project File Date:  01/19/2018

<h2>Output:</h2>
*** Using Compiler 'V5.06 update 1 (build 61)', folder: 'D:\Keil\ARM\ARMCC\Bin'
*** Note: Rebuilding project, since 'Options->Output->Create Batch File' is selected.
Rebuild target 'Target 1'
compiling main.c...
..\User\myos.h(37): warning:  #1-D: last line of file ends without a newline
                                                                        
..\User\main.c(30): warning:  #111-D: statement is unreachable
        return 0;
..\User\main.c(12): warning:  #177-D: variable "t" was declared but never referenced
        uint32_t t;
..\User\main.c(73): warning:  #1-D: last line of file ends without a newline
  }
..\User\main.c: 4 warnings, 0 errors
assembling startup_LPC17xx.s...
compiling core_cm3.c...
compiling system_LPC177x_8x.c...
compiling lpc177x_8x_clkpwr.c...
compiling lpc177x_8x_gpio.c...
compiling lpc177x_8x_systick.c...
compiling lpc177x_8x_uart.c...
compiling uart0.c...
..\Hardware\src\uart0.c(95): warning:  #550-D: variable "temp" was set but never used
      uint8 IIR, temp;
..\Hardware\src\uart0.c: 1 warning, 0 errors
linking...
Program Size: Code=1904 RO-data=228 RW-data=20 ZI-data=684  
FromELF: creating hex file...
"..\Output\myostest.axf" - 0 Error(s), 5 Warning(s).

<h2>Collection of Component include folders:</h2>
  E:\Mycode\myospro\Project\RTE
  D:\Keil\ARM\PACK\Keil\LPC1700_DFP\2.4.0\Device\Include

<h2>Collection of Component Files used:</h2>
Build Time Elapsed:  00:00:02
</pre>
</body>
</html>
