Component: ARM Compiler 5.06 update 1 (build 61) Tool: armlink [4d35a8]

==============================================================================

Section Cross References

    main.o(i.SysTick_Handler) refers to main.o(.data) for .data
    main.o(i.main) refers to system_lpc177x_8x.o(i.SystemInit) for SystemInit
    main.o(i.main) refers to lpc177x_8x_systick.o(i.SYSTICK_InternalInit) for SYSTICK_InternalInit
    main.o(i.main) refers to lpc177x_8x_systick.o(i.SYSTICK_IntCmd) for SYSTICK_IntCmd
    main.o(i.main) refers to lpc177x_8x_systick.o(i.SYSTICK_Cmd) for SYSTICK_Cmd
    main.o(i.main) refers to uart0.o(i.UART0Init) for UART0Init
    main.o(i.main) refers to main.o(i.test_task1) for test_task1
    main.o(i.main) refers to main.o(.bss) for .bss
    main.o(i.main) refers to main.o(i.test_task2) for test_task2
    main.o(i.main) refers to main.o(i.test_task3) for test_task3
    main.o(i.test_task1) refers to main.o(.bss) for .bss
    main.o(i.test_task1) refers to main.o(.data) for .data
    main.o(i.test_task2) refers to uart0.o(i.UART0Write_Str) for UART0Write_Str
    main.o(i.test_task2) refers to main.o(.bss) for .bss
    main.o(i.test_task2) refers to main.o(.data) for .data
    main.o(i.test_task3) refers to uart0.o(i.UART0Write_Str) for UART0Write_Str
    main.o(i.test_task3) refers to main.o(.bss) for .bss
    main.o(i.test_task3) refers to main.o(.data) for .data
    startup_lpc17xx.o(STACK) refers (Special) to heapauxi.o(.text) for __use_two_region_memory
    startup_lpc17xx.o(HEAP) refers (Special) to heapauxi.o(.text) for __use_two_region_memory
    startup_lpc17xx.o(RESET) refers (Special) to heapauxi.o(.text) for __use_two_region_memory
    startup_lpc17xx.o(RESET) refers to startup_lpc17xx.o(STACK) for __initial_sp
    startup_lpc17xx.o(RESET) refers to startup_lpc17xx.o(.text) for Reset_Handler
    startup_lpc17xx.o(RESET) refers to main.o(i.SysTick_Handler) for SysTick_Handler
    startup_lpc17xx.o(RESET) refers to uart0.o(i.UART0_IRQHandler) for UART0_IRQHandler
    startup_lpc17xx.o(.ARM.__at_0x02FC) refers (Special) to heapauxi.o(.text) for __use_two_region_memory
    startup_lpc17xx.o(.text) refers (Special) to heapauxi.o(.text) for __use_two_region_memory
    startup_lpc17xx.o(.text) refers to system_lpc177x_8x.o(i.SystemInit) for SystemInit
    startup_lpc17xx.o(.text) refers to __main.o(!!!main) for __main
    startup_lpc17xx.o(.text) refers to startup_lpc17xx.o(HEAP) for Heap_Mem
    startup_lpc17xx.o(.text) refers to startup_lpc17xx.o(STACK) for Stack_Mem
    system_lpc177x_8x.o(i.SystemCoreClockUpdate) refers to system_lpc177x_8x.o(.data) for .data
    lpc177x_8x_clkpwr.o(i.CLKPWR_GetCLK) refers to system_lpc177x_8x.o(.data) for SystemCoreClock
    lpc177x_8x_clkpwr.o(i.CLKPWR_SetCLKDiv) refers to system_lpc177x_8x.o(i.SystemCoreClockUpdate) for SystemCoreClockUpdate
    lpc177x_8x_gpio.o(i.FIO_ByteClearValue) refers to lpc177x_8x_gpio.o(i.FIO_ByteGetPointer) for FIO_ByteGetPointer
    lpc177x_8x_gpio.o(i.FIO_ByteReadValue) refers to lpc177x_8x_gpio.o(i.FIO_ByteGetPointer) for FIO_ByteGetPointer
    lpc177x_8x_gpio.o(i.FIO_ByteSetDir) refers to lpc177x_8x_gpio.o(i.FIO_ByteGetPointer) for FIO_ByteGetPointer
    lpc177x_8x_gpio.o(i.FIO_ByteSetMask) refers to lpc177x_8x_gpio.o(i.FIO_ByteGetPointer) for FIO_ByteGetPointer
    lpc177x_8x_gpio.o(i.FIO_ByteSetValue) refers to lpc177x_8x_gpio.o(i.FIO_ByteGetPointer) for FIO_ByteGetPointer
    lpc177x_8x_gpio.o(i.FIO_ClearInt) refers to lpc177x_8x_gpio.o(i.GPIO_ClearInt) for GPIO_ClearInt
    lpc177x_8x_gpio.o(i.FIO_ClearValue) refers to lpc177x_8x_gpio.o(i.GPIO_ClearValue) for GPIO_ClearValue
    lpc177x_8x_gpio.o(i.FIO_GetIntStatus) refers to lpc177x_8x_gpio.o(i.GPIO_GetIntStatus) for GPIO_GetIntStatus
    lpc177x_8x_gpio.o(i.FIO_HalfWordClearValue) refers to lpc177x_8x_gpio.o(i.FIO_HalfWordGetPointer) for FIO_HalfWordGetPointer
    lpc177x_8x_gpio.o(i.FIO_HalfWordReadValue) refers to lpc177x_8x_gpio.o(i.FIO_HalfWordGetPointer) for FIO_HalfWordGetPointer
    lpc177x_8x_gpio.o(i.FIO_HalfWordSetDir) refers to lpc177x_8x_gpio.o(i.FIO_HalfWordGetPointer) for FIO_HalfWordGetPointer
    lpc177x_8x_gpio.o(i.FIO_HalfWordSetMask) refers to lpc177x_8x_gpio.o(i.FIO_HalfWordGetPointer) for FIO_HalfWordGetPointer
    lpc177x_8x_gpio.o(i.FIO_HalfWordSetValue) refers to lpc177x_8x_gpio.o(i.FIO_HalfWordGetPointer) for FIO_HalfWordGetPointer
    lpc177x_8x_gpio.o(i.FIO_IntCmd) refers to lpc177x_8x_gpio.o(i.GPIO_IntCmd) for GPIO_IntCmd
    lpc177x_8x_gpio.o(i.FIO_ReadValue) refers to lpc177x_8x_gpio.o(i.GPIO_ReadValue) for GPIO_ReadValue
    lpc177x_8x_gpio.o(i.FIO_SetDir) refers to lpc177x_8x_gpio.o(i.GPIO_SetDir) for GPIO_SetDir
    lpc177x_8x_gpio.o(i.FIO_SetMask) refers to lpc177x_8x_gpio.o(i.GPIO_GetPointer) for GPIO_GetPointer
    lpc177x_8x_gpio.o(i.FIO_SetValue) refers to lpc177x_8x_gpio.o(i.GPIO_SetValue) for GPIO_SetValue
    lpc177x_8x_gpio.o(i.GPIO_ClearValue) refers to lpc177x_8x_gpio.o(i.GPIO_GetPointer) for GPIO_GetPointer
    lpc177x_8x_gpio.o(i.GPIO_Deinit) refers to lpc177x_8x_clkpwr.o(i.CLKPWR_ConfigPPWR) for CLKPWR_ConfigPPWR
    lpc177x_8x_gpio.o(i.GPIO_Init) refers to lpc177x_8x_clkpwr.o(i.CLKPWR_ConfigPPWR) for CLKPWR_ConfigPPWR
    lpc177x_8x_gpio.o(i.GPIO_OutputValue) refers to lpc177x_8x_gpio.o(i.GPIO_SetValue) for GPIO_SetValue
    lpc177x_8x_gpio.o(i.GPIO_OutputValue) refers to lpc177x_8x_gpio.o(i.GPIO_ClearValue) for GPIO_ClearValue
    lpc177x_8x_gpio.o(i.GPIO_ReadValue) refers to lpc177x_8x_gpio.o(i.GPIO_GetPointer) for GPIO_GetPointer
    lpc177x_8x_gpio.o(i.GPIO_SetDir) refers to lpc177x_8x_gpio.o(i.GPIO_GetPointer) for GPIO_GetPointer
    lpc177x_8x_gpio.o(i.GPIO_SetValue) refers to lpc177x_8x_gpio.o(i.GPIO_GetPointer) for GPIO_GetPointer
    lpc177x_8x_systick.o(i.SYSTICK_ExternalInit) refers to fflt_clz.o(x$fpl$ffltu) for __aeabi_ui2f
    lpc177x_8x_systick.o(i.SYSTICK_ExternalInit) refers to frleqf.o(x$fpl$frleqf) for __aeabi_cfrcmple
    lpc177x_8x_systick.o(i.SYSTICK_InternalInit) refers to lpc177x_8x_clkpwr.o(i.CLKPWR_GetCLK) for CLKPWR_GetCLK
    lpc177x_8x_systick.o(i.SYSTICK_InternalInit) refers to fflt_clz.o(x$fpl$ffltu) for __aeabi_ui2f
    lpc177x_8x_systick.o(i.SYSTICK_InternalInit) refers to frleqf.o(x$fpl$frleqf) for __aeabi_cfrcmple
    lpc177x_8x_uart.o(i.UART_DeInit) refers to lpc177x_8x_uart.o(i.UART_TxCmd) for UART_TxCmd
    lpc177x_8x_uart.o(i.UART_DeInit) refers to lpc177x_8x_clkpwr.o(i.CLKPWR_ConfigPPWR) for CLKPWR_ConfigPPWR
    lpc177x_8x_uart.o(i.UART_Init) refers to lpc177x_8x_clkpwr.o(i.CLKPWR_ConfigPPWR) for CLKPWR_ConfigPPWR
    lpc177x_8x_uart.o(i.UART_Init) refers to lpc177x_8x_uart.o(i.uart_set_divisors) for uart_set_divisors
    lpc177x_8x_uart.o(i.UART_RS485Send) refers to lpc177x_8x_uart.o(i.UART_Send) for UART_Send
    lpc177x_8x_uart.o(i.UART_RS485SendData) refers to lpc177x_8x_uart.o(i.UART_RS485Send) for UART_RS485Send
    lpc177x_8x_uart.o(i.UART_RS485SendSlvAddr) refers to lpc177x_8x_uart.o(i.UART_RS485Send) for UART_RS485Send
    lpc177x_8x_uart.o(i.UART_Receive) refers to lpc177x_8x_uart.o(i.UART_ReceiveByte) for UART_ReceiveByte
    lpc177x_8x_uart.o(i.UART_Send) refers to lpc177x_8x_uart.o(i.UART_SendByte) for UART_SendByte
    lpc177x_8x_uart.o(i.uart_set_divisors) refers to lpc177x_8x_clkpwr.o(i.CLKPWR_GetCLK) for CLKPWR_GetCLK
    lpc177x_8x_uart.o(i.uart_set_divisors) refers to lludivv7m.o(.text) for __aeabi_uldivmod
    uart0.o(i.UART0Init) refers to system_lpc177x_8x.o(.data) for PeripheralClock
    uart0.o(i.UART0Put_str) refers to uart0.o(i.UART0Putch) for UART0Putch
    uart0.o(i.UART0Write_Str) refers to uart0.o(i.UART0Putch) for UART0Putch
    __main.o(!!!main) refers to __rtentry.o(.ARM.Collect$$rtentry$$00000000) for __rt_entry
    fflt_clz.o(x$fpl$ffltu) refers (Special) to usenofp.o(x$fpl$usenofp) for __I$use$fp
    fflt_clz.o(x$fpl$fflt) refers (Special) to usenofp.o(x$fpl$usenofp) for __I$use$fp
    fflt_clz.o(x$fpl$ffltn) refers (Special) to usenofp.o(x$fpl$usenofp) for __I$use$fp
    frleqf.o(x$fpl$frleqf) refers (Special) to usenofp.o(x$fpl$usenofp) for __I$use$fp
    frleqf.o(x$fpl$frleqf) refers to fleqf.o(x$fpl$fleqf) for __fpl_fcmple_InfNaN
    __rtentry.o(.ARM.Collect$$rtentry$$00000000) refers (Special) to __rtentry2.o(.ARM.Collect$$rtentry$$0000000A) for __rt_entry_li
    __rtentry.o(.ARM.Collect$$rtentry$$00000000) refers (Special) to __rtentry2.o(.ARM.Collect$$rtentry$$0000000D) for __rt_entry_main
    __rtentry.o(.ARM.Collect$$rtentry$$00000000) refers (Special) to __rtentry2.o(.ARM.Collect$$rtentry$$0000000C) for __rt_entry_postli_1
    __rtentry.o(.ARM.Collect$$rtentry$$00000000) refers (Special) to __rtentry2.o(.ARM.Collect$$rtentry$$00000009) for __rt_entry_postsh_1
    __rtentry.o(.ARM.Collect$$rtentry$$00000000) refers (Special) to __rtentry2.o(.ARM.Collect$$rtentry$$00000002) for __rt_entry_presh_1
    __rtentry.o(.ARM.Collect$$rtentry$$00000000) refers (Special) to __rtentry4.o(.ARM.Collect$$rtentry$$00000004) for __rt_entry_sh
    aeabi_ldiv0_sigfpe.o(.text) refers to rt_div0.o(.text) for __rt_div0
    fleqf.o(x$fpl$fleqf) refers (Special) to usenofp.o(x$fpl$usenofp) for __I$use$fp
    fleqf.o(x$fpl$fleqf) refers to fnaninf.o(x$fpl$fnaninf) for __fpl_fnaninf
    fleqf.o(x$fpl$fleqf) refers to fcmpi.o(x$fpl$fcmpinf) for __fpl_fcmp_Inf
    __rtentry2.o(.ARM.Collect$$rtentry$$00000008) refers to boardinit2.o(.text) for _platform_post_stackheap_init
    __rtentry2.o(.ARM.Collect$$rtentry$$0000000A) refers to libinit.o(.ARM.Collect$$libinit$$00000000) for __rt_lib_init
    __rtentry2.o(.ARM.Collect$$rtentry$$0000000B) refers to boardinit3.o(.text) for _platform_post_lib_init
    __rtentry2.o(.ARM.Collect$$rtentry$$0000000D) refers to main.o(i.main) for main
    __rtentry2.o(.ARM.Collect$$rtentry$$0000000D) refers to exit.o(.text) for exit
    __rtentry2.o(.ARM.exidx) refers to __rtentry2.o(.ARM.Collect$$rtentry$$00000001) for .ARM.Collect$$rtentry$$00000001
    __rtentry2.o(.ARM.exidx) refers to __rtentry2.o(.ARM.Collect$$rtentry$$00000008) for .ARM.Collect$$rtentry$$00000008
    __rtentry2.o(.ARM.exidx) refers to __rtentry2.o(.ARM.Collect$$rtentry$$0000000A) for .ARM.Collect$$rtentry$$0000000A
    __rtentry2.o(.ARM.exidx) refers to __rtentry2.o(.ARM.Collect$$rtentry$$0000000B) for .ARM.Collect$$rtentry$$0000000B
    __rtentry2.o(.ARM.exidx) refers to __rtentry2.o(.ARM.Collect$$rtentry$$0000000D) for .ARM.Collect$$rtentry$$0000000D
    __rtentry4.o(.ARM.Collect$$rtentry$$00000004) refers to sys_stackheap_outer.o(.text) for __user_setup_stackheap
    __rtentry4.o(.ARM.exidx) refers to __rtentry4.o(.ARM.Collect$$rtentry$$00000004) for .ARM.Collect$$rtentry$$00000004
    rt_div0.o(.text) refers to defsig_fpe_outer.o(.text) for __rt_SIGFPE
    fcmpi.o(x$fpl$fcmpinf) refers (Special) to usenofp.o(x$fpl$usenofp) for __I$use$fp
    fnaninf.o(x$fpl$fnaninf) refers (Special) to usenofp.o(x$fpl$usenofp) for __I$use$fp
    sys_stackheap_outer.o(.text) refers to libspace.o(.text) for __user_perproc_libspace
    sys_stackheap_outer.o(.text) refers to startup_lpc17xx.o(.text) for __user_initial_stackheap
    exit.o(.text) refers to rtexit.o(.ARM.Collect$$rtexit$$00000000) for __rt_exit
    defsig_fpe_outer.o(.text) refers to defsig_fpe_inner.o(.text) for __rt_SIGFPE_inner
    defsig_fpe_outer.o(.text) refers to defsig_exit.o(.text) for __sig_exit
    defsig_fpe_formal.o(.text) refers to rt_raise.o(.text) for __rt_raise
    libinit.o(.ARM.Collect$$libinit$$00000000) refers (Special) to libinit2.o(.ARM.Collect$$libinit$$0000002E) for __rt_lib_init_alloca_1
    libinit.o(.ARM.Collect$$libinit$$00000000) refers (Special) to libinit2.o(.ARM.Collect$$libinit$$0000002C) for __rt_lib_init_argv_1
    libinit.o(.ARM.Collect$$libinit$$00000000) refers (Special) to libinit2.o(.ARM.Collect$$libinit$$0000001B) for __rt_lib_init_atexit_1
    libinit.o(.ARM.Collect$$libinit$$00000000) refers (Special) to libinit2.o(.ARM.Collect$$libinit$$00000021) for __rt_lib_init_clock_1
    libinit.o(.ARM.Collect$$libinit$$00000000) refers (Special) to libinit2.o(.ARM.Collect$$libinit$$00000032) for __rt_lib_init_cpp_1
    libinit.o(.ARM.Collect$$libinit$$00000000) refers (Special) to libinit2.o(.ARM.Collect$$libinit$$00000030) for __rt_lib_init_exceptions_1
    libinit.o(.ARM.Collect$$libinit$$00000000) refers (Special) to libinit2.o(.ARM.Collect$$libinit$$00000002) for __rt_lib_init_fp_1
    libinit.o(.ARM.Collect$$libinit$$00000000) refers (Special) to libinit2.o(.ARM.Collect$$libinit$$0000001F) for __rt_lib_init_fp_trap_1
    libinit.o(.ARM.Collect$$libinit$$00000000) refers (Special) to libinit2.o(.ARM.Collect$$libinit$$00000023) for __rt_lib_init_getenv_1
    libinit.o(.ARM.Collect$$libinit$$00000000) refers (Special) to libinit2.o(.ARM.Collect$$libinit$$0000000A) for __rt_lib_init_heap_1
    libinit.o(.ARM.Collect$$libinit$$00000000) refers (Special) to libinit2.o(.ARM.Collect$$libinit$$00000011) for __rt_lib_init_lc_collate_1
    libinit.o(.ARM.Collect$$libinit$$00000000) refers (Special) to libinit2.o(.ARM.Collect$$libinit$$00000013) for __rt_lib_init_lc_ctype_1
    libinit.o(.ARM.Collect$$libinit$$00000000) refers (Special) to libinit2.o(.ARM.Collect$$libinit$$00000015) for __rt_lib_init_lc_monetary_1
    libinit.o(.ARM.Collect$$libinit$$00000000) refers (Special) to libinit2.o(.ARM.Collect$$libinit$$00000017) for __rt_lib_init_lc_numeric_1
    libinit.o(.ARM.Collect$$libinit$$00000000) refers (Special) to libinit2.o(.ARM.Collect$$libinit$$00000019) for __rt_lib_init_lc_time_1
    libinit.o(.ARM.Collect$$libinit$$00000000) refers (Special) to libinit2.o(.ARM.Collect$$libinit$$00000004) for __rt_lib_init_preinit_1
    libinit.o(.ARM.Collect$$libinit$$00000000) refers (Special) to libinit2.o(.ARM.Collect$$libinit$$0000000E) for __rt_lib_init_rand_1
    libinit.o(.ARM.Collect$$libinit$$00000000) refers (Special) to libinit2.o(.ARM.Collect$$libinit$$00000033) for __rt_lib_init_return
    libinit.o(.ARM.Collect$$libinit$$00000000) refers (Special) to libinit2.o(.ARM.Collect$$libinit$$0000001D) for __rt_lib_init_signal_1
    libinit.o(.ARM.Collect$$libinit$$00000000) refers (Special) to libinit2.o(.ARM.Collect$$libinit$$00000025) for __rt_lib_init_stdio_1
    libinit.o(.ARM.Collect$$libinit$$00000000) refers (Special) to libinit2.o(.ARM.Collect$$libinit$$0000000C) for __rt_lib_init_user_alloc_1
    libspace.o(.text) refers to libspace.o(.bss) for __libspace_start
    rtexit.o(.ARM.Collect$$rtexit$$00000000) refers (Special) to rtexit2.o(.ARM.Collect$$rtexit$$00000004) for __rt_exit_exit
    rtexit.o(.ARM.Collect$$rtexit$$00000000) refers (Special) to rtexit2.o(.ARM.Collect$$rtexit$$00000003) for __rt_exit_ls
    rtexit.o(.ARM.Collect$$rtexit$$00000000) refers (Special) to rtexit2.o(.ARM.Collect$$rtexit$$00000002) for __rt_exit_prels_1
    rtexit.o(.ARM.exidx) refers (Special) to rtexit2.o(.ARM.Collect$$rtexit$$00000004) for __rt_exit_exit
    rtexit.o(.ARM.exidx) refers (Special) to rtexit2.o(.ARM.Collect$$rtexit$$00000003) for __rt_exit_ls
    rtexit.o(.ARM.exidx) refers (Special) to rtexit2.o(.ARM.Collect$$rtexit$$00000002) for __rt_exit_prels_1
    rtexit.o(.ARM.exidx) refers to rtexit.o(.ARM.Collect$$rtexit$$00000000) for .ARM.Collect$$rtexit$$00000000
    rt_raise.o(.text) refers to __raise.o(.text) for __raise
    rt_raise.o(.text) refers to sys_exit.o(.text) for _sys_exit
    defsig_exit.o(.text) refers to sys_exit.o(.text) for _sys_exit
    defsig_fpe_inner.o(.text) refers to defsig_general.o(.text) for __default_signal_display
    libinit2.o(.ARM.Collect$$libinit$$00000010) refers to libinit2.o(.ARM.Collect$$libinit$$0000000F) for .ARM.Collect$$libinit$$0000000F
    libinit2.o(.ARM.Collect$$libinit$$00000012) refers to libinit2.o(.ARM.Collect$$libinit$$0000000F) for .ARM.Collect$$libinit$$0000000F
    libinit2.o(.ARM.Collect$$libinit$$00000014) refers to libinit2.o(.ARM.Collect$$libinit$$0000000F) for .ARM.Collect$$libinit$$0000000F
    libinit2.o(.ARM.Collect$$libinit$$00000016) refers to libinit2.o(.ARM.Collect$$libinit$$0000000F) for .ARM.Collect$$libinit$$0000000F
    libinit2.o(.ARM.Collect$$libinit$$00000018) refers to libinit2.o(.ARM.Collect$$libinit$$0000000F) for .ARM.Collect$$libinit$$0000000F
    libinit2.o(.ARM.Collect$$libinit$$00000026) refers to argv_veneer.o(.emb_text) for __ARM_argv_veneer
    libinit2.o(.ARM.Collect$$libinit$$00000027) refers to argv_veneer.o(.emb_text) for __ARM_argv_veneer
    sys_exit.o(.text) refers (Special) to use_no_semi.o(.text) for __I$use$semihosting
    sys_exit.o(.text) refers (Special) to indicate_semi.o(.text) for __semihosting_library_function
    rtexit2.o(.ARM.Collect$$rtexit$$00000003) refers to libshutdown.o(.ARM.Collect$$libshutdown$$00000000) for __rt_lib_shutdown
    rtexit2.o(.ARM.Collect$$rtexit$$00000004) refers to sys_exit.o(.text) for _sys_exit
    rtexit2.o(.ARM.exidx) refers to rtexit2.o(.ARM.Collect$$rtexit$$00000001) for .ARM.Collect$$rtexit$$00000001
    rtexit2.o(.ARM.exidx) refers to rtexit2.o(.ARM.Collect$$rtexit$$00000003) for .ARM.Collect$$rtexit$$00000003
    rtexit2.o(.ARM.exidx) refers to rtexit2.o(.ARM.Collect$$rtexit$$00000004) for .ARM.Collect$$rtexit$$00000004
    __raise.o(.text) refers to defsig.o(CL$$defsig) for __default_signal_handler
    defsig_general.o(.text) refers to sys_wrch.o(.text) for _ttywrch
    argv_veneer.o(.emb_text) refers to no_argv.o(.text) for __ARM_get_argv
    sys_wrch.o(.text) refers (Special) to use_no_semi.o(.text) for __I$use$semihosting
    sys_wrch.o(.text) refers (Special) to indicate_semi.o(.text) for __semihosting_library_function
    defsig.o(CL$$defsig) refers to defsig_fpe_inner.o(.text) for __rt_SIGFPE_inner
    defsig.o(CL$$defsig) refers to defsig_rtmem_inner.o(.text) for __rt_SIGRTMEM_inner
    _get_argv_nomalloc.o(.text) refers (Special) to hrguard.o(.text) for __heap_region$guard
    _get_argv_nomalloc.o(.text) refers to defsig_rtmem_outer.o(.text) for __rt_SIGRTMEM
    _get_argv_nomalloc.o(.text) refers to sys_command.o(.text) for _sys_command_string
    libshutdown.o(.ARM.Collect$$libshutdown$$00000000) refers (Special) to libshutdown2.o(.ARM.Collect$$libshutdown$$00000002) for __rt_lib_shutdown_cpp_1
    libshutdown.o(.ARM.Collect$$libshutdown$$00000000) refers (Special) to libshutdown2.o(.ARM.Collect$$libshutdown$$00000007) for __rt_lib_shutdown_fp_trap_1
    libshutdown.o(.ARM.Collect$$libshutdown$$00000000) refers (Special) to libshutdown2.o(.ARM.Collect$$libshutdown$$0000000F) for __rt_lib_shutdown_heap_1
    libshutdown.o(.ARM.Collect$$libshutdown$$00000000) refers (Special) to libshutdown2.o(.ARM.Collect$$libshutdown$$00000010) for __rt_lib_shutdown_return
    libshutdown.o(.ARM.Collect$$libshutdown$$00000000) refers (Special) to libshutdown2.o(.ARM.Collect$$libshutdown$$0000000A) for __rt_lib_shutdown_signal_1
    libshutdown.o(.ARM.Collect$$libshutdown$$00000000) refers (Special) to libshutdown2.o(.ARM.Collect$$libshutdown$$00000004) for __rt_lib_shutdown_stdio_1
    libshutdown.o(.ARM.Collect$$libshutdown$$00000000) refers (Special) to libshutdown2.o(.ARM.Collect$$libshutdown$$0000000C) for __rt_lib_shutdown_user_alloc_1
    sys_command.o(.text) refers (Special) to use_no_semi.o(.text) for __I$use$semihosting
    sys_command.o(.text) refers (Special) to indicate_semi.o(.text) for __semihosting_library_function
    defsig_abrt_inner.o(.text) refers to defsig_general.o(.text) for __default_signal_display
    defsig_rtred_inner.o(.text) refers to defsig_general.o(.text) for __default_signal_display
    defsig_rtmem_inner.o(.text) refers to defsig_general.o(.text) for __default_signal_display
    defsig_rtmem_outer.o(.text) refers to defsig_rtmem_inner.o(.text) for __rt_SIGRTMEM_inner
    defsig_rtmem_outer.o(.text) refers to defsig_exit.o(.text) for __sig_exit
    defsig_rtmem_formal.o(.text) refers to rt_raise.o(.text) for __rt_raise
    defsig_stak_inner.o(.text) refers to defsig_general.o(.text) for __default_signal_display
    defsig_pvfn_inner.o(.text) refers to defsig_general.o(.text) for __default_signal_display
    defsig_cppl_inner.o(.text) refers to defsig_general.o(.text) for __default_signal_display
    defsig_segv_inner.o(.text) refers to defsig_general.o(.text) for __default_signal_display
    defsig_other.o(.text) refers to defsig_general.o(.text) for __default_signal_display


==============================================================================

Removing Unused input sections from the image.

    Removing core_cm3.o(.emb_text), (32 bytes).
    Removing system_lpc177x_8x.o(i.SystemCoreClockUpdate), (296 bytes).
    Removing lpc177x_8x_clkpwr.o(i.CLKPWR_ConfigPPWR), (32 bytes).
    Removing lpc177x_8x_clkpwr.o(i.CLKPWR_DeepPowerDown), (28 bytes).
    Removing lpc177x_8x_clkpwr.o(i.CLKPWR_DeepSleep), (28 bytes).
    Removing lpc177x_8x_clkpwr.o(i.CLKPWR_PowerDown), (28 bytes).
    Removing lpc177x_8x_clkpwr.o(i.CLKPWR_SetCLKDiv), (128 bytes).
    Removing lpc177x_8x_clkpwr.o(i.CLKPWR_Sleep), (16 bytes).
    Removing lpc177x_8x_clkpwr.o(.data), (4 bytes).
    Removing lpc177x_8x_gpio.o(i.FIO_ByteClearValue), (24 bytes).
    Removing lpc177x_8x_gpio.o(i.FIO_ByteGetPointer), (56 bytes).
    Removing lpc177x_8x_gpio.o(i.FIO_ByteReadValue), (24 bytes).
    Removing lpc177x_8x_gpio.o(i.FIO_ByteSetDir), (40 bytes).
    Removing lpc177x_8x_gpio.o(i.FIO_ByteSetMask), (44 bytes).
    Removing lpc177x_8x_gpio.o(i.FIO_ByteSetValue), (24 bytes).
    Removing lpc177x_8x_gpio.o(i.FIO_ClearInt), (4 bytes).
    Removing lpc177x_8x_gpio.o(i.FIO_ClearValue), (4 bytes).
    Removing lpc177x_8x_gpio.o(i.FIO_GetIntStatus), (4 bytes).
    Removing lpc177x_8x_gpio.o(i.FIO_HalfWordClearValue), (24 bytes).
    Removing lpc177x_8x_gpio.o(i.FIO_HalfWordGetPointer), (56 bytes).
    Removing lpc177x_8x_gpio.o(i.FIO_HalfWordReadValue), (22 bytes).
    Removing lpc177x_8x_gpio.o(i.FIO_HalfWordSetDir), (50 bytes).
    Removing lpc177x_8x_gpio.o(i.FIO_HalfWordSetMask), (50 bytes).
    Removing lpc177x_8x_gpio.o(i.FIO_HalfWordSetValue), (24 bytes).
    Removing lpc177x_8x_gpio.o(i.FIO_IntCmd), (4 bytes).
    Removing lpc177x_8x_gpio.o(i.FIO_ReadValue), (4 bytes).
    Removing lpc177x_8x_gpio.o(i.FIO_SetDir), (4 bytes).
    Removing lpc177x_8x_gpio.o(i.FIO_SetMask), (28 bytes).
    Removing lpc177x_8x_gpio.o(i.FIO_SetValue), (4 bytes).
    Removing lpc177x_8x_gpio.o(i.GPIO_ClearInt), (28 bytes).
    Removing lpc177x_8x_gpio.o(i.GPIO_ClearValue), (16 bytes).
    Removing lpc177x_8x_gpio.o(i.GPIO_Deinit), (10 bytes).
    Removing lpc177x_8x_gpio.o(i.GPIO_GetIntStatus), (68 bytes).
    Removing lpc177x_8x_gpio.o(i.GPIO_GetPointer), (56 bytes).
    Removing lpc177x_8x_gpio.o(i.GPIO_Init), (8 bytes).
    Removing lpc177x_8x_gpio.o(i.GPIO_IntCmd), (60 bytes).
    Removing lpc177x_8x_gpio.o(i.GPIO_OutputValue), (10 bytes).
    Removing lpc177x_8x_gpio.o(i.GPIO_ReadValue), (14 bytes).
    Removing lpc177x_8x_gpio.o(i.GPIO_SetDir), (28 bytes).
    Removing lpc177x_8x_gpio.o(i.GPIO_SetValue), (16 bytes).
    Removing lpc177x_8x_systick.o(i.SYSTICK_ClearCounterFlag), (14 bytes).
    Removing lpc177x_8x_systick.o(i.SYSTICK_ExternalInit), (76 bytes).
    Removing lpc177x_8x_systick.o(i.SYSTICK_GetCurrentValue), (8 bytes).
    Removing lpc177x_8x_uart.o(i.UART_ABClearIntPending), (16 bytes).
    Removing lpc177x_8x_uart.o(i.UART_ABCmd), (108 bytes).
    Removing lpc177x_8x_uart.o(i.UART_CheckBusy), (14 bytes).
    Removing lpc177x_8x_uart.o(i.UART_ConfigStructInit), (18 bytes).
    Removing lpc177x_8x_uart.o(i.UART_DeInit), (92 bytes).
    Removing lpc177x_8x_uart.o(i.UART_FIFOConfig), (64 bytes).
    Removing lpc177x_8x_uart.o(i.UART_FIFOConfigStructInit), (14 bytes).
    Removing lpc177x_8x_uart.o(i.UART_ForceBreak), (16 bytes).
    Removing lpc177x_8x_uart.o(i.UART_FullModemConfigMode), (42 bytes).
    Removing lpc177x_8x_uart.o(i.UART_FullModemForcePinState), (36 bytes).
    Removing lpc177x_8x_uart.o(i.UART_FullModemGetStatus), (4 bytes).
    Removing lpc177x_8x_uart.o(i.UART_GetIntId), (10 bytes).
    Removing lpc177x_8x_uart.o(i.UART_GetLineStatus), (20 bytes).
    Removing lpc177x_8x_uart.o(i.UART_Init), (248 bytes).
    Removing lpc177x_8x_uart.o(i.UART_IntConfig), (88 bytes).
    Removing lpc177x_8x_uart.o(i.UART_IrDACmd), (22 bytes).
    Removing lpc177x_8x_uart.o(i.UART_IrDAInvtInputCmd), (30 bytes).
    Removing lpc177x_8x_uart.o(i.UART_IrDAPulseDivConfig), (24 bytes).
    Removing lpc177x_8x_uart.o(i.UART_RS485Config), (92 bytes).
    Removing lpc177x_8x_uart.o(i.UART_RS485ReceiverCmd), (22 bytes).
    Removing lpc177x_8x_uart.o(i.UART_RS485Send), (46 bytes).
    Removing lpc177x_8x_uart.o(i.UART_RS485SendData), (6 bytes).
    Removing lpc177x_8x_uart.o(i.UART_RS485SendSlvAddr), (14 bytes).
    Removing lpc177x_8x_uart.o(i.UART_Receive), (82 bytes).
    Removing lpc177x_8x_uart.o(i.UART_ReceiveByte), (12 bytes).
    Removing lpc177x_8x_uart.o(i.UART_Send), (118 bytes).
    Removing lpc177x_8x_uart.o(i.UART_SendByte), (12 bytes).
    Removing lpc177x_8x_uart.o(i.UART_TxCmd), (32 bytes).
    Removing lpc177x_8x_uart.o(i.uart_set_divisors), (288 bytes).
    Removing uart0.o(i.UART0Getch), (28 bytes).
    Removing uart0.o(i.UART0Put_str), (24 bytes).

74 unused section(s) (total 3140 bytes) removed from the image.

==============================================================================

Image Symbol Table

    Local Symbols

    Symbol Name                              Value     Ov Type        Size  Object(Section)

    RESET                                    0x00000000   Section      196  startup_lpc17xx.o(RESET)
    ../clib/angel/boardlib.s                 0x00000000   Number         0  boardinit1.o ABSOLUTE
    ../clib/angel/boardlib.s                 0x00000000   Number         0  boardinit2.o ABSOLUTE
    ../clib/angel/boardlib.s                 0x00000000   Number         0  boardinit3.o ABSOLUTE
    ../clib/angel/boardlib.s                 0x00000000   Number         0  boardshut.o ABSOLUTE
    ../clib/angel/handlers.s                 0x00000000   Number         0  __scatter_zi.o ABSOLUTE
    ../clib/angel/handlers.s                 0x00000000   Number         0  __scatter_copy.o ABSOLUTE
    ../clib/angel/kernel.s                   0x00000000   Number         0  __rtentry.o ABSOLUTE
    ../clib/angel/kernel.s                   0x00000000   Number         0  rtexit.o ABSOLUTE
    ../clib/angel/kernel.s                   0x00000000   Number         0  __rtentry4.o ABSOLUTE
    ../clib/angel/kernel.s                   0x00000000   Number         0  rtexit2.o ABSOLUTE
    ../clib/angel/kernel.s                   0x00000000   Number         0  __rtentry2.o ABSOLUTE
    ../clib/angel/rt.s                       0x00000000   Number         0  aeabi_ldiv0_sigfpe.o ABSOLUTE
    ../clib/angel/rt.s                       0x00000000   Number         0  rt_raise.o ABSOLUTE
    ../clib/angel/rt.s                       0x00000000   Number         0  aeabi_ldiv0.o ABSOLUTE
    ../clib/angel/rt.s                       0x00000000   Number         0  rt_div0.o ABSOLUTE
    ../clib/angel/scatter.s                  0x00000000   Number         0  __scatter.o ABSOLUTE
    ../clib/angel/startup.s                  0x00000000   Number         0  __main.o ABSOLUTE
    ../clib/angel/sys.s                      0x00000000   Number         0  indicate_semi.o ABSOLUTE
    ../clib/angel/sys.s                      0x00000000   Number         0  use_no_semi.o ABSOLUTE
    ../clib/angel/sys.s                      0x00000000   Number         0  sys_stackheap_outer.o ABSOLUTE
    ../clib/angel/sys.s                      0x00000000   Number         0  libspace.o ABSOLUTE
    ../clib/angel/sysapp.c                   0x00000000   Number         0  sys_wrch.o ABSOLUTE
    ../clib/angel/sysapp.c                   0x00000000   Number         0  sys_command.o ABSOLUTE
    ../clib/angel/sysapp.c                   0x00000000   Number         0  sys_exit.o ABSOLUTE
    ../clib/armsys.c                         0x00000000   Number         0  no_argv.o ABSOLUTE
    ../clib/armsys.c                         0x00000000   Number         0  argv_veneer.o ABSOLUTE
    ../clib/armsys.c                         0x00000000   Number         0  argv_veneer.o ABSOLUTE
    ../clib/armsys.c                         0x00000000   Number         0  _get_argv_nomalloc.o ABSOLUTE
    ../clib/heapalloc.c                      0x00000000   Number         0  hrguard.o ABSOLUTE
    ../clib/heapaux.c                        0x00000000   Number         0  heapauxi.o ABSOLUTE
    ../clib/libinit.s                        0x00000000   Number         0  libinit.o ABSOLUTE
    ../clib/libinit.s                        0x00000000   Number         0  libshutdown2.o ABSOLUTE
    ../clib/libinit.s                        0x00000000   Number         0  libshutdown.o ABSOLUTE
    ../clib/libinit.s                        0x00000000   Number         0  libinit2.o ABSOLUTE
    ../clib/longlong.s                       0x00000000   Number         0  lludivv7m.o ABSOLUTE
    ../clib/signal.c                         0x00000000   Number         0  defsig_segv_inner.o ABSOLUTE
    ../clib/signal.c                         0x00000000   Number         0  defsig_fpe_outer.o ABSOLUTE
    ../clib/signal.c                         0x00000000   Number         0  defsig_fpe_formal.o ABSOLUTE
    ../clib/signal.c                         0x00000000   Number         0  defsig_other.o ABSOLUTE
    ../clib/signal.c                         0x00000000   Number         0  defsig_pvfn_inner.o ABSOLUTE
    ../clib/signal.c                         0x00000000   Number         0  defsig_cppl_inner.o ABSOLUTE
    ../clib/signal.c                         0x00000000   Number         0  defsig_stak_inner.o ABSOLUTE
    ../clib/signal.c                         0x00000000   Number         0  defsig_rtmem_inner.o ABSOLUTE
    ../clib/signal.c                         0x00000000   Number         0  __raise.o ABSOLUTE
    ../clib/signal.c                         0x00000000   Number         0  defsig_general.o ABSOLUTE
    ../clib/signal.c                         0x00000000   Number         0  defsig_abrt_inner.o ABSOLUTE
    ../clib/signal.c                         0x00000000   Number         0  defsig_rtred_inner.o ABSOLUTE
    ../clib/signal.c                         0x00000000   Number         0  defsig_rtmem_outer.o ABSOLUTE
    ../clib/signal.c                         0x00000000   Number         0  defsig_rtmem_formal.o ABSOLUTE
    ../clib/signal.c                         0x00000000   Number         0  defsig_fpe_inner.o ABSOLUTE
    ../clib/signal.c                         0x00000000   Number         0  defsig_exit.o ABSOLUTE
    ../clib/signal.s                         0x00000000   Number         0  defsig.o ABSOLUTE
    ../clib/stdlib.c                         0x00000000   Number         0  exit.o ABSOLUTE
    ../fplib/fcmpi.s                         0x00000000   Number         0  fcmpi.o ABSOLUTE
    ../fplib/fflt.s                          0x00000000   Number         0  fflt_clz.o ABSOLUTE
    ../fplib/fleqf.s                         0x00000000   Number         0  fleqf.o ABSOLUTE
    ../fplib/fnaninf.s                       0x00000000   Number         0  fnaninf.o ABSOLUTE
    ../fplib/fpinit.s                        0x00000000   Number         0  fpinit.o ABSOLUTE
    ../fplib/frleqf.s                        0x00000000   Number         0  frleqf.o ABSOLUTE
    ../fplib/usenofp.s                       0x00000000   Number         0  usenofp.o ABSOLUTE
    ..\Hardware\src\uart0.c                  0x00000000   Number         0  uart0.o ABSOLUTE
    ..\Libraries\Core\core_cm3.c             0x00000000   Number         0  core_cm3.o ABSOLUTE
    ..\Libraries\Core\system_LPC177x_8x.c    0x00000000   Number         0  system_lpc177x_8x.o ABSOLUTE
    ..\Libraries\Drivers\source\lpc177x_8x_clkpwr.c 0x00000000   Number         0  lpc177x_8x_clkpwr.o ABSOLUTE
    ..\Libraries\Drivers\source\lpc177x_8x_gpio.c 0x00000000   Number         0  lpc177x_8x_gpio.o ABSOLUTE
    ..\Libraries\Drivers\source\lpc177x_8x_systick.c 0x00000000   Number         0  lpc177x_8x_systick.o ABSOLUTE
    ..\Libraries\Drivers\source\lpc177x_8x_uart.c 0x00000000   Number         0  lpc177x_8x_uart.o ABSOLUTE
    ..\Startup\startup_LPC17xx.s             0x00000000   Number         0  startup_lpc17xx.o ABSOLUTE
    ..\User\main.c                           0x00000000   Number         0  main.o ABSOLUTE
    ..\\Libraries\\Core\\core_cm3.c          0x00000000   Number         0  core_cm3.o ABSOLUTE
    dc.s                                     0x00000000   Number         0  dc.o ABSOLUTE
    !!!main                                  0x000000c4   Section        8  __main.o(!!!main)
    !!!scatter                               0x000000cc   Section       52  __scatter.o(!!!scatter)
    !!handler_copy                           0x00000100   Section       26  __scatter_copy.o(!!handler_copy)
    !!handler_zi                             0x0000011c   Section       28  __scatter_zi.o(!!handler_zi)
    .ARM.Collect$$libinit$$00000000          0x00000138   Section        2  libinit.o(.ARM.Collect$$libinit$$00000000)
    .ARM.Collect$$libinit$$00000002          0x0000013a   Section        0  libinit2.o(.ARM.Collect$$libinit$$00000002)
    .ARM.Collect$$libinit$$00000004          0x0000013a   Section        0  libinit2.o(.ARM.Collect$$libinit$$00000004)
    .ARM.Collect$$libinit$$0000000A          0x0000013a   Section        0  libinit2.o(.ARM.Collect$$libinit$$0000000A)
    .ARM.Collect$$libinit$$0000000C          0x0000013a   Section        0  libinit2.o(.ARM.Collect$$libinit$$0000000C)
    .ARM.Collect$$libinit$$0000000E          0x0000013a   Section        0  libinit2.o(.ARM.Collect$$libinit$$0000000E)
    .ARM.Collect$$libinit$$00000011          0x0000013a   Section        0  libinit2.o(.ARM.Collect$$libinit$$00000011)
    .ARM.Collect$$libinit$$00000013          0x0000013a   Section        0  libinit2.o(.ARM.Collect$$libinit$$00000013)
    .ARM.Collect$$libinit$$00000015          0x0000013a   Section        0  libinit2.o(.ARM.Collect$$libinit$$00000015)
    .ARM.Collect$$libinit$$00000017          0x0000013a   Section        0  libinit2.o(.ARM.Collect$$libinit$$00000017)
    .ARM.Collect$$libinit$$00000019          0x0000013a   Section        0  libinit2.o(.ARM.Collect$$libinit$$00000019)
    .ARM.Collect$$libinit$$0000001B          0x0000013a   Section        0  libinit2.o(.ARM.Collect$$libinit$$0000001B)
    .ARM.Collect$$libinit$$0000001D          0x0000013a   Section        0  libinit2.o(.ARM.Collect$$libinit$$0000001D)
    .ARM.Collect$$libinit$$0000001F          0x0000013a   Section        0  libinit2.o(.ARM.Collect$$libinit$$0000001F)
    .ARM.Collect$$libinit$$00000021          0x0000013a   Section        0  libinit2.o(.ARM.Collect$$libinit$$00000021)
    .ARM.Collect$$libinit$$00000023          0x0000013a   Section        0  libinit2.o(.ARM.Collect$$libinit$$00000023)
    .ARM.Collect$$libinit$$00000025          0x0000013a   Section        0  libinit2.o(.ARM.Collect$$libinit$$00000025)
    .ARM.Collect$$libinit$$0000002C          0x0000013a   Section        0  libinit2.o(.ARM.Collect$$libinit$$0000002C)
    .ARM.Collect$$libinit$$0000002E          0x0000013a   Section        0  libinit2.o(.ARM.Collect$$libinit$$0000002E)
    .ARM.Collect$$libinit$$00000030          0x0000013a   Section        0  libinit2.o(.ARM.Collect$$libinit$$00000030)
    .ARM.Collect$$libinit$$00000032          0x0000013a   Section        0  libinit2.o(.ARM.Collect$$libinit$$00000032)
    .ARM.Collect$$libinit$$00000033          0x0000013a   Section        2  libinit2.o(.ARM.Collect$$libinit$$00000033)
    .ARM.Collect$$libshutdown$$00000000      0x0000013c   Section        2  libshutdown.o(.ARM.Collect$$libshutdown$$00000000)
    .ARM.Collect$$libshutdown$$00000002      0x0000013e   Section        0  libshutdown2.o(.ARM.Collect$$libshutdown$$00000002)
    .ARM.Collect$$libshutdown$$00000004      0x0000013e   Section        0  libshutdown2.o(.ARM.Collect$$libshutdown$$00000004)
    .ARM.Collect$$libshutdown$$00000007      0x0000013e   Section        0  libshutdown2.o(.ARM.Collect$$libshutdown$$00000007)
    .ARM.Collect$$libshutdown$$0000000A      0x0000013e   Section        0  libshutdown2.o(.ARM.Collect$$libshutdown$$0000000A)
    .ARM.Collect$$libshutdown$$0000000C      0x0000013e   Section        0  libshutdown2.o(.ARM.Collect$$libshutdown$$0000000C)
    .ARM.Collect$$libshutdown$$0000000F      0x0000013e   Section        0  libshutdown2.o(.ARM.Collect$$libshutdown$$0000000F)
    .ARM.Collect$$libshutdown$$00000010      0x0000013e   Section        2  libshutdown2.o(.ARM.Collect$$libshutdown$$00000010)
    .ARM.Collect$$rtentry$$00000000          0x00000140   Section        0  __rtentry.o(.ARM.Collect$$rtentry$$00000000)
    .ARM.Collect$$rtentry$$00000002          0x00000140   Section        0  __rtentry2.o(.ARM.Collect$$rtentry$$00000002)
    .ARM.Collect$$rtentry$$00000004          0x00000140   Section        6  __rtentry4.o(.ARM.Collect$$rtentry$$00000004)
    .ARM.Collect$$rtentry$$00000009          0x00000146   Section        0  __rtentry2.o(.ARM.Collect$$rtentry$$00000009)
    .ARM.Collect$$rtentry$$0000000A          0x00000146   Section        4  __rtentry2.o(.ARM.Collect$$rtentry$$0000000A)
    .ARM.Collect$$rtentry$$0000000C          0x0000014a   Section        0  __rtentry2.o(.ARM.Collect$$rtentry$$0000000C)
    .ARM.Collect$$rtentry$$0000000D          0x0000014a   Section        8  __rtentry2.o(.ARM.Collect$$rtentry$$0000000D)
    .ARM.Collect$$rtexit$$00000000           0x00000152   Section        2  rtexit.o(.ARM.Collect$$rtexit$$00000000)
    .ARM.Collect$$rtexit$$00000002           0x00000154   Section        0  rtexit2.o(.ARM.Collect$$rtexit$$00000002)
    .ARM.Collect$$rtexit$$00000003           0x00000154   Section        4  rtexit2.o(.ARM.Collect$$rtexit$$00000003)
    .ARM.Collect$$rtexit$$00000004           0x00000158   Section        6  rtexit2.o(.ARM.Collect$$rtexit$$00000004)
    .text                                    0x00000160   Section       60  startup_lpc17xx.o(.text)
    .text                                    0x0000019c   Section        0  heapauxi.o(.text)
    .text                                    0x000001a2   Section       74  sys_stackheap_outer.o(.text)
    .text                                    0x000001ec   Section        0  exit.o(.text)
    .text                                    0x00000200   Section        8  libspace.o(.text)
    .text                                    0x00000208   Section        0  sys_exit.o(.text)
    .text                                    0x00000214   Section        2  use_no_semi.o(.text)
    .text                                    0x00000216   Section        0  indicate_semi.o(.text)
    i.CLKPWR_GetCLK                          0x00000218   Section        0  lpc177x_8x_clkpwr.o(i.CLKPWR_GetCLK)
    i.SYSTICK_Cmd                            0x0000024c   Section        0  lpc177x_8x_systick.o(i.SYSTICK_Cmd)
    i.SYSTICK_IntCmd                         0x00000264   Section        0  lpc177x_8x_systick.o(i.SYSTICK_IntCmd)
    i.SYSTICK_InternalInit                   0x0000027c   Section        0  lpc177x_8x_systick.o(i.SYSTICK_InternalInit)
    i.SysTick_Handler                        0x000002cc   Section        0  main.o(i.SysTick_Handler)
    i.UART0Putch                             0x000002dc   Section        0  uart0.o(i.UART0Putch)
    x$fpl$usenofp                            0x000002f4   Section        0  usenofp.o(x$fpl$usenofp)
    .ARM.__at_0x02FC                         0x000002fc   Section        4  startup_lpc17xx.o(.ARM.__at_0x02FC)
    i.SystemInit                             0x00000300   Section        0  system_lpc177x_8x.o(i.SystemInit)
    i.UART0Init                              0x00000394   Section        0  uart0.o(i.UART0Init)
    i.UART0Write_Str                         0x00000430   Section        0  uart0.o(i.UART0Write_Str)
    i.UART0_IRQHandler                       0x00000444   Section        0  uart0.o(i.UART0_IRQHandler)
    i.main                                   0x00000480   Section        0  main.o(i.main)
    i.test_task1                             0x000004dc   Section        0  main.o(i.test_task1)
    i.test_task2                             0x00000558   Section        0  main.o(i.test_task2)
    i.test_task3                             0x000005fc   Section        0  main.o(i.test_task3)
    x$fpl$fcmpinf                            0x0000069c   Section       24  fcmpi.o(x$fpl$fcmpinf)
    x$fpl$ffltu                              0x000006b4   Section       38  fflt_clz.o(x$fpl$ffltu)
    x$fpl$fleqf                              0x000006dc   Section      104  fleqf.o(x$fpl$fleqf)
    x$fpl$fnaninf                            0x00000744   Section      140  fnaninf.o(x$fpl$fnaninf)
    x$fpl$frleqf                             0x000007d0   Section       98  frleqf.o(x$fpl$frleqf)
    .data                                    0x10000000   Section        4  main.o(.data)
    .data                                    0x10000004   Section       16  system_lpc177x_8x.o(.data)
    .bss                                     0x10000018   Section       72  main.o(.bss)
    .bss                                     0x10000060   Section       96  libspace.o(.bss)
    HEAP                                     0x100000c0   Section        0  startup_lpc17xx.o(HEAP)
    STACK                                    0x100000c0   Section      512  startup_lpc17xx.o(STACK)
    Heap_Mem                                 0x100000c0   Data           0  startup_lpc17xx.o(HEAP)
    Stack_Mem                                0x100000c0   Data         512  startup_lpc17xx.o(STACK)
    __initial_sp                             0x100002c0   Data           0  startup_lpc17xx.o(STACK)

    Global Symbols

    Symbol Name                              Value     Ov Type        Size  Object(Section)

    BuildAttributes$$THM_ISAv4$P$D$K$B$S$PE$A:L22UL41UL21$X:L11$S22US41US21$IEEE1$IW$USESV6$~STKCKD$USESV7$~SHL$OSPACE$ROPI$EBA8$UX$STANDARDLIB$REQ8$PRES8$EABIv2 0x00000000   Number         0  anon$$obj.o ABSOLUTE
    __ARM_use_no_argv                        0x00000000   Number         0  main.o ABSOLUTE
    __Vectors                                0x00000000   Data           4  startup_lpc17xx.o(RESET)
    __ARM_exceptions_init                     - Undefined Weak Reference
    __alloca_initialize                       - Undefined Weak Reference
    __arm_preinit_                            - Undefined Weak Reference
    __cpp_initialize__aeabi_                  - Undefined Weak Reference
    __cxa_finalize                            - Undefined Weak Reference
    __rt_locale                               - Undefined Weak Reference
    __sigvec_lookup                           - Undefined Weak Reference
    _atexit_init                              - Undefined Weak Reference
    _call_atexit_fns                          - Undefined Weak Reference
    _clock_init                               - Undefined Weak Reference
    _fp_trap_init                             - Undefined Weak Reference
    _fp_trap_shutdown                         - Undefined Weak Reference
    _get_lc_collate                           - Undefined Weak Reference
    _get_lc_ctype                             - Undefined Weak Reference
    _get_lc_monetary                          - Undefined Weak Reference
    _get_lc_numeric                           - Undefined Weak Reference
    _get_lc_time                              - Undefined Weak Reference
    _getenv_init                              - Undefined Weak Reference
    _handle_redirection                       - Undefined Weak Reference
    _init_alloc                               - Undefined Weak Reference
    _init_user_alloc                          - Undefined Weak Reference
    _initio                                   - Undefined Weak Reference
    _rand_init                                - Undefined Weak Reference
    _signal_finish                            - Undefined Weak Reference
    _signal_init                              - Undefined Weak Reference
    _terminate_alloc                          - Undefined Weak Reference
    _terminate_user_alloc                     - Undefined Weak Reference
    _terminateio                              - Undefined Weak Reference
    __main                                   0x000000c5   Thumb Code     8  __main.o(!!!main)
    __scatterload                            0x000000cd   Thumb Code     0  __scatter.o(!!!scatter)
    __scatterload_rt2                        0x000000cd   Thumb Code    44  __scatter.o(!!!scatter)
    __scatterload_rt2_thumb_only             0x000000cd   Thumb Code     0  __scatter.o(!!!scatter)
    __scatterload_null                       0x000000db   Thumb Code     0  __scatter.o(!!!scatter)
    __scatterload_copy                       0x00000101   Thumb Code    26  __scatter_copy.o(!!handler_copy)
    __scatterload_zeroinit                   0x0000011d   Thumb Code    28  __scatter_zi.o(!!handler_zi)
    __rt_lib_init                            0x00000139   Thumb Code     0  libinit.o(.ARM.Collect$$libinit$$00000000)
    __rt_lib_init_alloca_1                   0x0000013b   Thumb Code     0  libinit2.o(.ARM.Collect$$libinit$$0000002E)
    __rt_lib_init_argv_1                     0x0000013b   Thumb Code     0  libinit2.o(.ARM.Collect$$libinit$$0000002C)
    __rt_lib_init_atexit_1                   0x0000013b   Thumb Code     0  libinit2.o(.ARM.Collect$$libinit$$0000001B)
    __rt_lib_init_clock_1                    0x0000013b   Thumb Code     0  libinit2.o(.ARM.Collect$$libinit$$00000021)
    __rt_lib_init_cpp_1                      0x0000013b   Thumb Code     0  libinit2.o(.ARM.Collect$$libinit$$00000032)
    __rt_lib_init_exceptions_1               0x0000013b   Thumb Code     0  libinit2.o(.ARM.Collect$$libinit$$00000030)
    __rt_lib_init_fp_1                       0x0000013b   Thumb Code     0  libinit2.o(.ARM.Collect$$libinit$$00000002)
    __rt_lib_init_fp_trap_1                  0x0000013b   Thumb Code     0  libinit2.o(.ARM.Collect$$libinit$$0000001F)
    __rt_lib_init_getenv_1                   0x0000013b   Thumb Code     0  libinit2.o(.ARM.Collect$$libinit$$00000023)
    __rt_lib_init_heap_1                     0x0000013b   Thumb Code     0  libinit2.o(.ARM.Collect$$libinit$$0000000A)
    __rt_lib_init_lc_collate_1               0x0000013b   Thumb Code     0  libinit2.o(.ARM.Collect$$libinit$$00000011)
    __rt_lib_init_lc_ctype_1                 0x0000013b   Thumb Code     0  libinit2.o(.ARM.Collect$$libinit$$00000013)
    __rt_lib_init_lc_monetary_1              0x0000013b   Thumb Code     0  libinit2.o(.ARM.Collect$$libinit$$00000015)
    __rt_lib_init_lc_numeric_1               0x0000013b   Thumb Code     0  libinit2.o(.ARM.Collect$$libinit$$00000017)
    __rt_lib_init_lc_time_1                  0x0000013b   Thumb Code     0  libinit2.o(.ARM.Collect$$libinit$$00000019)
    __rt_lib_init_preinit_1                  0x0000013b   Thumb Code     0  libinit2.o(.ARM.Collect$$libinit$$00000004)
    __rt_lib_init_rand_1                     0x0000013b   Thumb Code     0  libinit2.o(.ARM.Collect$$libinit$$0000000E)
    __rt_lib_init_return                     0x0000013b   Thumb Code     0  libinit2.o(.ARM.Collect$$libinit$$00000033)
    __rt_lib_init_signal_1                   0x0000013b   Thumb Code     0  libinit2.o(.ARM.Collect$$libinit$$0000001D)
    __rt_lib_init_stdio_1                    0x0000013b   Thumb Code     0  libinit2.o(.ARM.Collect$$libinit$$00000025)
    __rt_lib_init_user_alloc_1               0x0000013b   Thumb Code     0  libinit2.o(.ARM.Collect$$libinit$$0000000C)
    __rt_lib_shutdown                        0x0000013d   Thumb Code     0  libshutdown.o(.ARM.Collect$$libshutdown$$00000000)
    __rt_lib_shutdown_cpp_1                  0x0000013f   Thumb Code     0  libshutdown2.o(.ARM.Collect$$libshutdown$$00000002)
    __rt_lib_shutdown_fp_trap_1              0x0000013f   Thumb Code     0  libshutdown2.o(.ARM.Collect$$libshutdown$$00000007)
    __rt_lib_shutdown_heap_1                 0x0000013f   Thumb Code     0  libshutdown2.o(.ARM.Collect$$libshutdown$$0000000F)
    __rt_lib_shutdown_return                 0x0000013f   Thumb Code     0  libshutdown2.o(.ARM.Collect$$libshutdown$$00000010)
    __rt_lib_shutdown_signal_1               0x0000013f   Thumb Code     0  libshutdown2.o(.ARM.Collect$$libshutdown$$0000000A)
    __rt_lib_shutdown_stdio_1                0x0000013f   Thumb Code     0  libshutdown2.o(.ARM.Collect$$libshutdown$$00000004)
    __rt_lib_shutdown_user_alloc_1           0x0000013f   Thumb Code     0  libshutdown2.o(.ARM.Collect$$libshutdown$$0000000C)
    __rt_entry                               0x00000141   Thumb Code     0  __rtentry.o(.ARM.Collect$$rtentry$$00000000)
    __rt_entry_presh_1                       0x00000141   Thumb Code     0  __rtentry2.o(.ARM.Collect$$rtentry$$00000002)
    __rt_entry_sh                            0x00000141   Thumb Code     0  __rtentry4.o(.ARM.Collect$$rtentry$$00000004)
    __rt_entry_li                            0x00000147   Thumb Code     0  __rtentry2.o(.ARM.Collect$$rtentry$$0000000A)
    __rt_entry_postsh_1                      0x00000147   Thumb Code     0  __rtentry2.o(.ARM.Collect$$rtentry$$00000009)
    __rt_entry_main                          0x0000014b   Thumb Code     0  __rtentry2.o(.ARM.Collect$$rtentry$$0000000D)
    __rt_entry_postli_1                      0x0000014b   Thumb Code     0  __rtentry2.o(.ARM.Collect$$rtentry$$0000000C)
    __rt_exit                                0x00000153   Thumb Code     0  rtexit.o(.ARM.Collect$$rtexit$$00000000)
    __rt_exit_ls                             0x00000155   Thumb Code     0  rtexit2.o(.ARM.Collect$$rtexit$$00000003)
    __rt_exit_prels_1                        0x00000155   Thumb Code     0  rtexit2.o(.ARM.Collect$$rtexit$$00000002)
    __rt_exit_exit                           0x00000159   Thumb Code     0  rtexit2.o(.ARM.Collect$$rtexit$$00000004)
    Reset_Handler                            0x00000161   Thumb Code     8  startup_lpc17xx.o(.text)
    NMI_Handler                              0x00000169   Thumb Code     2  startup_lpc17xx.o(.text)
    HardFault_Handler                        0x0000016b   Thumb Code     2  startup_lpc17xx.o(.text)
    MemManage_Handler                        0x0000016d   Thumb Code     2  startup_lpc17xx.o(.text)
    BusFault_Handler                         0x0000016f   Thumb Code     2  startup_lpc17xx.o(.text)
    UsageFault_Handler                       0x00000171   Thumb Code     2  startup_lpc17xx.o(.text)
    SVC_Handler                              0x00000173   Thumb Code     2  startup_lpc17xx.o(.text)
    DebugMon_Handler                         0x00000175   Thumb Code     2  startup_lpc17xx.o(.text)
    PendSV_Handler                           0x00000177   Thumb Code     2  startup_lpc17xx.o(.text)
    ADC_IRQHandler                           0x0000017b   Thumb Code     0  startup_lpc17xx.o(.text)
    BOD_IRQHandler                           0x0000017b   Thumb Code     0  startup_lpc17xx.o(.text)
    CAN_IRQHandler                           0x0000017b   Thumb Code     0  startup_lpc17xx.o(.text)
    DMA_IRQHandler                           0x0000017b   Thumb Code     0  startup_lpc17xx.o(.text)
    EINT0_IRQHandler                         0x0000017b   Thumb Code     0  startup_lpc17xx.o(.text)
    EINT1_IRQHandler                         0x0000017b   Thumb Code     0  startup_lpc17xx.o(.text)
    EINT2_IRQHandler                         0x0000017b   Thumb Code     0  startup_lpc17xx.o(.text)
    EINT3_IRQHandler                         0x0000017b   Thumb Code     0  startup_lpc17xx.o(.text)
    ENET_IRQHandler                          0x0000017b   Thumb Code     0  startup_lpc17xx.o(.text)
    I2C0_IRQHandler                          0x0000017b   Thumb Code     0  startup_lpc17xx.o(.text)
    I2C1_IRQHandler                          0x0000017b   Thumb Code     0  startup_lpc17xx.o(.text)
    I2C2_IRQHandler                          0x0000017b   Thumb Code     0  startup_lpc17xx.o(.text)
    I2S_IRQHandler                           0x0000017b   Thumb Code     0  startup_lpc17xx.o(.text)
    MCPWM_IRQHandler                         0x0000017b   Thumb Code     0  startup_lpc17xx.o(.text)
    PLL0_IRQHandler                          0x0000017b   Thumb Code     0  startup_lpc17xx.o(.text)
    PLL1_IRQHandler                          0x0000017b   Thumb Code     0  startup_lpc17xx.o(.text)
    PWM1_IRQHandler                          0x0000017b   Thumb Code     0  startup_lpc17xx.o(.text)
    QEI_IRQHandler                           0x0000017b   Thumb Code     0  startup_lpc17xx.o(.text)
    RIT_IRQHandler                           0x0000017b   Thumb Code     0  startup_lpc17xx.o(.text)
    RTC_IRQHandler                           0x0000017b   Thumb Code     0  startup_lpc17xx.o(.text)
    SPI_IRQHandler                           0x0000017b   Thumb Code     0  startup_lpc17xx.o(.text)
    SSP0_IRQHandler                          0x0000017b   Thumb Code     0  startup_lpc17xx.o(.text)
    SSP1_IRQHandler                          0x0000017b   Thumb Code     0  startup_lpc17xx.o(.text)
    TIMER0_IRQHandler                        0x0000017b   Thumb Code     0  startup_lpc17xx.o(.text)
    TIMER1_IRQHandler                        0x0000017b   Thumb Code     0  startup_lpc17xx.o(.text)
    TIMER2_IRQHandler                        0x0000017b   Thumb Code     0  startup_lpc17xx.o(.text)
    TIMER3_IRQHandler                        0x0000017b   Thumb Code     0  startup_lpc17xx.o(.text)
    UART1_IRQHandler                         0x0000017b   Thumb Code     0  startup_lpc17xx.o(.text)
    UART2_IRQHandler                         0x0000017b   Thumb Code     0  startup_lpc17xx.o(.text)
    UART3_IRQHandler                         0x0000017b   Thumb Code     0  startup_lpc17xx.o(.text)
    USB_IRQHandler                           0x0000017b   Thumb Code     0  startup_lpc17xx.o(.text)
    WDT_IRQHandler                           0x0000017b   Thumb Code     0  startup_lpc17xx.o(.text)
    __user_initial_stackheap                 0x0000017d   Thumb Code     0  startup_lpc17xx.o(.text)
    __use_two_region_memory                  0x0000019d   Thumb Code     2  heapauxi.o(.text)
    __rt_heap_escrow$2region                 0x0000019f   Thumb Code     2  heapauxi.o(.text)
    __rt_heap_expand$2region                 0x000001a1   Thumb Code     2  heapauxi.o(.text)
    __user_setup_stackheap                   0x000001a3   Thumb Code    74  sys_stackheap_outer.o(.text)
    exit                                     0x000001ed   Thumb Code    18  exit.o(.text)
    __user_libspace                          0x00000201   Thumb Code     8  libspace.o(.text)
    __user_perproc_libspace                  0x00000201   Thumb Code     0  libspace.o(.text)
    __user_perthread_libspace                0x00000201   Thumb Code     0  libspace.o(.text)
    _sys_exit                                0x00000209   Thumb Code     8  sys_exit.o(.text)
    __I$use$semihosting                      0x00000215   Thumb Code     0  use_no_semi.o(.text)
    __use_no_semihosting_swi                 0x00000215   Thumb Code     2  use_no_semi.o(.text)
    __semihosting_library_function           0x00000217   Thumb Code     0  indicate_semi.o(.text)
    CLKPWR_GetCLK                            0x00000219   Thumb Code    34  lpc177x_8x_clkpwr.o(i.CLKPWR_GetCLK)
    SYSTICK_Cmd                              0x0000024d   Thumb Code    24  lpc177x_8x_systick.o(i.SYSTICK_Cmd)
    SYSTICK_IntCmd                           0x00000265   Thumb Code    24  lpc177x_8x_systick.o(i.SYSTICK_IntCmd)
    SYSTICK_InternalInit                     0x0000027d   Thumb Code    78  lpc177x_8x_systick.o(i.SYSTICK_InternalInit)
    SysTick_Handler                          0x000002cd   Thumb Code    10  main.o(i.SysTick_Handler)
    UART0Putch                               0x000002dd   Thumb Code    20  uart0.o(i.UART0Putch)
    __I$use$fp                               0x000002f4   Number         0  usenofp.o(x$fpl$usenofp)
    SystemInit                               0x00000301   Thumb Code   136  system_lpc177x_8x.o(i.SystemInit)
    UART0Init                                0x00000395   Thumb Code   138  uart0.o(i.UART0Init)
    UART0Write_Str                           0x00000431   Thumb Code    20  uart0.o(i.UART0Write_Str)
    UART0_IRQHandler                         0x00000445   Thumb Code    54  uart0.o(i.UART0_IRQHandler)
    main                                     0x00000481   Thumb Code    72  main.o(i.main)
    test_task1                               0x000004dd   Thumb Code   110  main.o(i.test_task1)
    test_task2                               0x00000559   Thumb Code   116  main.o(i.test_task2)
    test_task3                               0x000005fd   Thumb Code   116  main.o(i.test_task3)
    __fpl_fcmp_Inf                           0x0000069d   Thumb Code    24  fcmpi.o(x$fpl$fcmpinf)
    __aeabi_ui2f                             0x000006b5   Thumb Code     0  fflt_clz.o(x$fpl$ffltu)
    _ffltu                                   0x000006b5   Thumb Code    38  fflt_clz.o(x$fpl$ffltu)
    __aeabi_cfcmple                          0x000006dd   Thumb Code     0  fleqf.o(x$fpl$fleqf)
    _fcmple                                  0x000006dd   Thumb Code   104  fleqf.o(x$fpl$fleqf)
    __fpl_fcmple_InfNaN                      0x0000072f   Thumb Code     0  fleqf.o(x$fpl$fleqf)
    __fpl_fnaninf                            0x00000745   Thumb Code   140  fnaninf.o(x$fpl$fnaninf)
    __aeabi_cfrcmple                         0x000007d1   Thumb Code     0  frleqf.o(x$fpl$frleqf)
    _frcmple                                 0x000007d1   Thumb Code    98  frleqf.o(x$fpl$frleqf)
    Region$$Table$$Base                      0x00000834   Number         0  anon$$obj.o(Region$$Table)
    Region$$Table$$Limit                     0x00000854   Number         0  anon$$obj.o(Region$$Table)
    GlobalTimerCnt                           0x10000000   Data           4  main.o(.data)
    SystemCoreClock                          0x10000004   Data           4  system_lpc177x_8x.o(.data)
    PeripheralClock                          0x10000008   Data           4  system_lpc177x_8x.o(.data)
    EMCClock                                 0x1000000c   Data           4  system_lpc177x_8x.o(.data)
    USBClock                                 0x10000010   Data           4  system_lpc177x_8x.o(.data)
    Task                                     0x10000018   Data          72  main.o(.bss)
    __libspace_start                         0x10000060   Data          96  libspace.o(.bss)
    __temporary_stack_top$libspace           0x100000c0   Data           0  libspace.o(.bss)



==============================================================================

Memory Map of the image

  Image Entry point : 0x000000c5

  Load Region LR_IROM1 (Base: 0x00000000, Size: 0x00000868, Max: 0x00080000, ABSOLUTE)

    Execution Region ER_IROM1 (Base: 0x00000000, Size: 0x00000854, Max: 0x00080000, ABSOLUTE)

    Base Addr    Size         Type   Attr      Idx    E Section Name        Object

    0x00000000   0x000000c4   Data   RO           98    RESET               startup_lpc17xx.o
    0x000000c4   0x00000008   Code   RO          659  * !!!main             c_w.l(__main.o)
    0x000000cc   0x00000034   Code   RO          841    !!!scatter          c_w.l(__scatter.o)
    0x00000100   0x0000001a   Code   RO          843    !!handler_copy      c_w.l(__scatter_copy.o)
    0x0000011a   0x00000002   PAD
    0x0000011c   0x0000001c   Code   RO          845    !!handler_zi        c_w.l(__scatter_zi.o)
    0x00000138   0x00000002   Code   RO          711    .ARM.Collect$$libinit$$00000000  c_w.l(libinit.o)
    0x0000013a   0x00000000   Code   RO          724    .ARM.Collect$$libinit$$00000002  c_w.l(libinit2.o)
    0x0000013a   0x00000000   Code   RO          726    .ARM.Collect$$libinit$$00000004  c_w.l(libinit2.o)
    0x0000013a   0x00000000   Code   RO          729    .ARM.Collect$$libinit$$0000000A  c_w.l(libinit2.o)
    0x0000013a   0x00000000   Code   RO          731    .ARM.Collect$$libinit$$0000000C  c_w.l(libinit2.o)
    0x0000013a   0x00000000   Code   RO          733    .ARM.Collect$$libinit$$0000000E  c_w.l(libinit2.o)
    0x0000013a   0x00000000   Code   RO          736    .ARM.Collect$$libinit$$00000011  c_w.l(libinit2.o)
    0x0000013a   0x00000000   Code   RO          738    .ARM.Collect$$libinit$$00000013  c_w.l(libinit2.o)
    0x0000013a   0x00000000   Code   RO          740    .ARM.Collect$$libinit$$00000015  c_w.l(libinit2.o)
    0x0000013a   0x00000000   Code   RO          742    .ARM.Collect$$libinit$$00000017  c_w.l(libinit2.o)
    0x0000013a   0x00000000   Code   RO          744    .ARM.Collect$$libinit$$00000019  c_w.l(libinit2.o)
    0x0000013a   0x00000000   Code   RO          746    .ARM.Collect$$libinit$$0000001B  c_w.l(libinit2.o)
    0x0000013a   0x00000000   Code   RO          748    .ARM.Collect$$libinit$$0000001D  c_w.l(libinit2.o)
    0x0000013a   0x00000000   Code   RO          750    .ARM.Collect$$libinit$$0000001F  c_w.l(libinit2.o)
    0x0000013a   0x00000000   Code   RO          752    .ARM.Collect$$libinit$$00000021  c_w.l(libinit2.o)
    0x0000013a   0x00000000   Code   RO          754    .ARM.Collect$$libinit$$00000023  c_w.l(libinit2.o)
    0x0000013a   0x00000000   Code   RO          756    .ARM.Collect$$libinit$$00000025  c_w.l(libinit2.o)
    0x0000013a   0x00000000   Code   RO          760    .ARM.Collect$$libinit$$0000002C  c_w.l(libinit2.o)
    0x0000013a   0x00000000   Code   RO          762    .ARM.Collect$$libinit$$0000002E  c_w.l(libinit2.o)
    0x0000013a   0x00000000   Code   RO          764    .ARM.Collect$$libinit$$00000030  c_w.l(libinit2.o)
    0x0000013a   0x00000000   Code   RO          766    .ARM.Collect$$libinit$$00000032  c_w.l(libinit2.o)
    0x0000013a   0x00000002   Code   RO          767    .ARM.Collect$$libinit$$00000033  c_w.l(libinit2.o)
    0x0000013c   0x00000002   Code   RO          798    .ARM.Collect$$libshutdown$$00000000  c_w.l(libshutdown.o)
    0x0000013e   0x00000000   Code   RO          824    .ARM.Collect$$libshutdown$$00000002  c_w.l(libshutdown2.o)
    0x0000013e   0x00000000   Code   RO          826    .ARM.Collect$$libshutdown$$00000004  c_w.l(libshutdown2.o)
    0x0000013e   0x00000000   Code   RO          829    .ARM.Collect$$libshutdown$$00000007  c_w.l(libshutdown2.o)
    0x0000013e   0x00000000   Code   RO          832    .ARM.Collect$$libshutdown$$0000000A  c_w.l(libshutdown2.o)
    0x0000013e   0x00000000   Code   RO          834    .ARM.Collect$$libshutdown$$0000000C  c_w.l(libshutdown2.o)
    0x0000013e   0x00000000   Code   RO          837    .ARM.Collect$$libshutdown$$0000000F  c_w.l(libshutdown2.o)
    0x0000013e   0x00000002   Code   RO          838    .ARM.Collect$$libshutdown$$00000010  c_w.l(libshutdown2.o)
    0x00000140   0x00000000   Code   RO          669    .ARM.Collect$$rtentry$$00000000  c_w.l(__rtentry.o)
    0x00000140   0x00000000   Code   RO          678    .ARM.Collect$$rtentry$$00000002  c_w.l(__rtentry2.o)
    0x00000140   0x00000006   Code   RO          690    .ARM.Collect$$rtentry$$00000004  c_w.l(__rtentry4.o)
    0x00000146   0x00000000   Code   RO          680    .ARM.Collect$$rtentry$$00000009  c_w.l(__rtentry2.o)
    0x00000146   0x00000004   Code   RO          681    .ARM.Collect$$rtentry$$0000000A  c_w.l(__rtentry2.o)
    0x0000014a   0x00000000   Code   RO          683    .ARM.Collect$$rtentry$$0000000C  c_w.l(__rtentry2.o)
    0x0000014a   0x00000008   Code   RO          684    .ARM.Collect$$rtentry$$0000000D  c_w.l(__rtentry2.o)
    0x00000152   0x00000002   Code   RO          715    .ARM.Collect$$rtexit$$00000000  c_w.l(rtexit.o)
    0x00000154   0x00000000   Code   RO          771    .ARM.Collect$$rtexit$$00000002  c_w.l(rtexit2.o)
    0x00000154   0x00000004   Code   RO          772    .ARM.Collect$$rtexit$$00000003  c_w.l(rtexit2.o)
    0x00000158   0x00000006   Code   RO          773    .ARM.Collect$$rtexit$$00000004  c_w.l(rtexit2.o)
    0x0000015e   0x00000002   PAD
    0x00000160   0x0000003c   Code   RO          100    .text               startup_lpc17xx.o
    0x0000019c   0x00000006   Code   RO          657    .text               c_w.l(heapauxi.o)
    0x000001a2   0x0000004a   Code   RO          698    .text               c_w.l(sys_stackheap_outer.o)
    0x000001ec   0x00000012   Code   RO          700    .text               c_w.l(exit.o)
    0x000001fe   0x00000002   PAD
    0x00000200   0x00000008   Code   RO          712    .text               c_w.l(libspace.o)
    0x00000208   0x0000000c   Code   RO          768    .text               c_w.l(sys_exit.o)
    0x00000214   0x00000002   Code   RO          787    .text               c_w.l(use_no_semi.o)
    0x00000216   0x00000000   Code   RO          789    .text               c_w.l(indicate_semi.o)
    0x00000216   0x00000002   PAD
    0x00000218   0x00000034   Code   RO          144    i.CLKPWR_GetCLK     lpc177x_8x_clkpwr.o
    0x0000024c   0x00000018   Code   RO          381    i.SYSTICK_Cmd       lpc177x_8x_systick.o
    0x00000264   0x00000018   Code   RO          384    i.SYSTICK_IntCmd    lpc177x_8x_systick.o
    0x0000027c   0x0000004e   Code   RO          385    i.SYSTICK_InternalInit  lpc177x_8x_systick.o
    0x000002ca   0x00000002   PAD
    0x000002cc   0x00000010   Code   RO            1    i.SysTick_Handler   main.o
    0x000002dc   0x00000018   Code   RO          603    i.UART0Putch        uart0.o
    0x000002f4   0x00000000   Code   RO          676    x$fpl$usenofp       fz_ws.l(usenofp.o)
    0x000002f4   0x00000008   PAD
    0x000002fc   0x00000004   Code   RO           99    .ARM.__at_0x02FC    startup_lpc17xx.o
    0x00000300   0x00000094   Code   RO          118    i.SystemInit        system_lpc177x_8x.o
    0x00000394   0x0000009c   Code   RO          601    i.UART0Init         uart0.o
    0x00000430   0x00000014   Code   RO          604    i.UART0Write_Str    uart0.o
    0x00000444   0x0000003c   Code   RO          605    i.UART0_IRQHandler  uart0.o
    0x00000480   0x0000005c   Code   RO            2    i.main              main.o
    0x000004dc   0x0000007c   Code   RO            3    i.test_task1        main.o
    0x00000558   0x000000a4   Code   RO            4    i.test_task2        main.o
    0x000005fc   0x000000a0   Code   RO            5    i.test_task3        main.o
    0x0000069c   0x00000018   Code   RO          694    x$fpl$fcmpinf       fz_ws.l(fcmpi.o)
    0x000006b4   0x00000026   Code   RO          661    x$fpl$ffltu         fz_ws.l(fflt_clz.o)
    0x000006da   0x00000002   PAD
    0x000006dc   0x00000068   Code   RO          674    x$fpl$fleqf         fz_ws.l(fleqf.o)
    0x00000744   0x0000008c   Code   RO          696    x$fpl$fnaninf       fz_ws.l(fnaninf.o)
    0x000007d0   0x00000062   Code   RO          667    x$fpl$frleqf        fz_ws.l(frleqf.o)
    0x00000832   0x00000002   PAD
    0x00000834   0x00000020   Data   RO          839    Region$$Table       anon$$obj.o


    Execution Region RW_IRAM1 (Base: 0x10000000, Size: 0x000002c0, Max: 0x00010000, ABSOLUTE)

    Base Addr    Size         Type   Attr      Idx    E Section Name        Object

    0x10000000   0x00000004   Data   RW            7    .data               main.o
    0x10000004   0x00000010   Data   RW          119    .data               system_lpc177x_8x.o
    0x10000014   0x00000004   PAD
    0x10000018   0x00000048   Zero   RW            6    .bss                main.o
    0x10000060   0x00000060   Zero   RW          713    .bss                c_w.l(libspace.o)
    0x100000c0   0x00000000   Zero   RW           97    HEAP                startup_lpc17xx.o
    0x100000c0   0x00000200   Zero   RW           96    STACK               startup_lpc17xx.o


==============================================================================

Image component sizes


      Code (inc. data)   RO Data    RW Data    ZI Data      Debug   Object Name

        52         18          0          0          0        528   lpc177x_8x_clkpwr.o
       126          0          0          0          0       1642   lpc177x_8x_systick.o
       556        132          0          4         72       9474   main.o
        64         26        196          0        512        976   startup_lpc17xx.o
       148         12          0         16          0        873   system_lpc177x_8x.o
       260         38          0          0          0      40796   uart0.o

    ----------------------------------------------------------------------
      1208        226        228         20        588      54289   Object Totals
         0          0         32          0          0          0   (incl. Generated)
         2          0          0          0          4          0   (incl. Padding)

    ----------------------------------------------------------------------

      Code (inc. data)   RO Data    RW Data    ZI Data      Debug   Library Member Name

         8          0          0          0          0         68   __main.o
         0          0          0          0          0          0   __rtentry.o
        12          0          0          0          0          0   __rtentry2.o
         6          0          0          0          0          0   __rtentry4.o
        52          8          0          0          0          0   __scatter.o
        26          0          0          0          0          0   __scatter_copy.o
        28          0          0          0          0          0   __scatter_zi.o
        18          0          0          0          0         80   exit.o
         6          0          0          0          0        152   heapauxi.o
         0          0          0          0          0          0   indicate_semi.o
         2          0          0          0          0          0   libinit.o
         2          0          0          0          0          0   libinit2.o
         2          0          0          0          0          0   libshutdown.o
         2          0          0          0          0          0   libshutdown2.o
         8          4          0          0         96         68   libspace.o
         2          0          0          0          0          0   rtexit.o
        10          0          0          0          0          0   rtexit2.o
        12          4          0          0          0         68   sys_exit.o
        74          0          0          0          0         80   sys_stackheap_outer.o
         2          0          0          0          0         68   use_no_semi.o
        24          0          0          0          0         68   fcmpi.o
        38          0          0          0          0         68   fflt_clz.o
       104          4          0          0          0         84   fleqf.o
       140          4          0          0          0         84   fnaninf.o
        98          0          0          0          0         68   frleqf.o
         0          0          0          0          0          0   usenofp.o

    ----------------------------------------------------------------------
       696         24          0          0         96        956   Library Totals
        20          0          0          0          0          0   (incl. Padding)

    ----------------------------------------------------------------------

      Code (inc. data)   RO Data    RW Data    ZI Data      Debug   Library Name

       272         16          0          0         96        584   c_w.l
       404          8          0          0          0        372   fz_ws.l

    ----------------------------------------------------------------------
       696         24          0          0         96        956   Library Totals

    ----------------------------------------------------------------------

==============================================================================


      Code (inc. data)   RO Data    RW Data    ZI Data      Debug   

      1904        250        228         20        684      54357   Grand Totals
      1904        250        228         20        684      54357   ELF Image Totals
      1904        250        228         20          0          0   ROM Totals

==============================================================================

    Total RO  Size (Code + RO Data)                 2132 (   2.08kB)
    Total RW  Size (RW Data + ZI Data)               704 (   0.69kB)
    Total ROM Size (Code + RO Data + RW Data)       2152 (   2.10kB)

==============================================================================

